Resolving dependencies...
Build profile: -w ghc-9.4.8 -O1
In order, the following will be built (use -v for more details):
 - haskell-chess-0.1.0.0 (lib) (first run)
 - haskell-chess-0.1.0.0 (exe:micro-bench) (first run)
 - haskell-chess-0.1.0.0 (exe:haskell-chess) (first run)
 - haskell-chess-0.1.0.0 (exe:bench-tactics) (first run)
 - haskell-chess-0.1.0.0 (exe:bench-search) (first run)
 - haskell-chess-0.1.0.0 (exe:bench-report) (first run)
 - haskell-chess-0.1.0.0 (exe:bench-magic) (first run)
 - haskell-chess-0.1.0.0 (exe:bench-eval) (first run)
 - haskell-chess-0.1.0.0 (exe:bench-elo) (first run)
 - haskell-chess-0.1.0.0 (exe:bench-core) (first run)
Preprocessing library for haskell-chess-0.1.0.0..
Building library for haskell-chess-0.1.0.0..
[14 of 49] Compiling Chess.Board.MoveGen ( src/Chess/Board/MoveGen.hs, /app/dist-newstyle/build/x86_64-linux/ghc-9.4.8/haskell-chess-0.1.0.0/build/Chess/Board/MoveGen.o, /app/dist-newstyle/build/x86_64-linux/ghc-9.4.8/haskell-chess-0.1.0.0/build/Chess/Board/MoveGen.dyn_o )

src/Chess/Board/MoveGen.hs:1222:9: warning: [-Woverlapping-patterns]
    Pattern match is redundant
    In a case alternative: _ -> ...
     |
1222 |         _ -> False
     |         ^^^^^^^^^^

src/Chess/Board/MoveGen.hs:1226:21: warning: [-Wunused-matches]
    Defined but not used: ‘gs’
     |
1226 | givesCheckGeneric b gs c kingSq from to pt =
     |                     ^^
terminated
terminated
