Build profile: -w ghc-9.4.7 -O1
In order, the following will be built (use -v for more details):
 - haskell-chess-0.1.0.0 (test:haskell-chess-test) (first run)
Preprocessing test suite 'haskell-chess-test' for haskell-chess-0.1.0.0..
Building test suite 'haskell-chess-test' for haskell-chess-0.1.0.0..
Running 1 test suites...
Test suite haskell-chess-test: RUNNING...

Chess (High-Level API)
  Board
    initialBoard has correct FEN [✔]
    parseFen roundtrips starting FEN [✔]
  Moves
    generates legal moves [✔]
    applyMove updates board and state [✔]
    applyMove updates fullmove number [✔]
    handles checkmate [✔]
  Notation
    SAN parsing matches generation [✔]
colorName
  returns white for White [✔]
  returns black for Black [✔]
pieceSymbol
  returns symbol for Queen [✔]
unicodeSymbol
  returns correct unicode symbol for White King [✔]
  returns correct unicode symbol for Black Queen [✔]
square parsing
  parses and shows a1 [✔]
  parses invalid [✔]
square utilities
  mirror of A1 is H8 [✔]
  distance from A1 to H8 is 7 [✔]
  manhattan distance from A1 to C2 is 3 [✔]
  knight distance B1 to C3 is 1 [✔]
bitboard basics
  lsb of BB_E2 is square 12 [✔]
  popcount of a file is 8 [✔]
  flipVertical A1 is A8 [✔]
  shiftUp from A2 gives A3 [✔]
attack tables
  knight attacks from B1 include A3 and C3 [✔]
  king attacks from E4 include F5 [✔]
  white pawn attacks from E2 include D3 [✔]
  black pawn attacks from E7 include D6 [✔]
SquareSet
  empty is empty [✔]
  singleton contains element [✔]
  insert adds element [✔]
  delete removes element [✔]
  fromList/toList roundtrip [✔]
  union combines sets [✔]
  intersection finds common [✔]
  difference removes elements [✔]
  size is correct [✔]
  subset check [✔]
Board.Base
  empty board is empty [✔]
  putPiece places a piece [✔]
  removePiece removes a piece [✔]
  occupiedBy returns correct bitboard [✔]
  attacks
    rook attacks on empty board [✔]
    rook attacks blocked by own piece [✔]
    bishop attacks blocked by enemy piece [✔]
    isAttackedBy checks attacks [✔]
Board.GameState
  initial game state has correct defaults [✔]
  canCastleKingside/Queenside checks bitboard correctly [✔]
  removeColorCastlingRights removes both rights for a color [✔]
  removeCastlingRight removes specific right [✔]
Board.Fen
  parses starting FEN correctly [✔]
  roundtrips starting FEN [✔]
  parses FEN with en passant and move counts [✔]
  handles empty castling [✔]
  handles partial castling [✔]
Board.MoveGen
  generates 20 moves for starting position [✔]
  pseudoLegalMoves includes castling [✔]
  legalMoves filters castling through check [✔]
  legalMoves allows castling when legal [✔]
Board.Validation
  detects check [✔]
  detects not check [✔]
  detects checkmate [✔]
  detects stalemate [✔]
  detects fifty moves [✔]
  detects insufficient material K vs K [✔]
  detects insufficient material K+N vs K [✔]
  detects insufficient material K+B vs K [✔]
  detects insufficient material K+B vs K+B same color [✔]
  detects SUFFICIENT material K+B vs K+B opposite color [✔]
  detects SUFFICIENT material K+P vs K [✔]
Chess.Board.Uci
  uci generates correct string [✔]
  fromUci parses correct string [✔]
  fromUci handles promotion [✔]
Chess.Board.San
  generates simple pawn move [✔]
  generates knight move [✔]
  generates check [✔]
  generates castling O-O [✔]
  generates castling O-O-O [✔]
  generates capture [✔]
  generates disambiguation (file) [✔]
  parses san [✔]
  parses san castling [✔]
Perft Suite
  matches perftsuite.epd counts (max depth 3) [✔]
PGN Suite

Test suite haskell-chess-test: FAIL
Test suite logged to:
/app/dist-newstyle/build/x86_64-linux/ghc-9.4.7/haskell-chess-0.1.0.0/t/haskell-chess-test/test/haskell-chess-0.1.0.0-haskell-chess-test.log
0 of 1 test suites (0 of 1 test cases) passed.
Error: cabal: Tests failed for test:haskell-chess-test from
haskell-chess-0.1.0.0.
